// Jest Snapshot v1, https://goo.gl/fbAQLP

exports[`Wallet renders properly 1`] = `
ShallowWrapper {
  "length": 1,
  Symbol(enzyme.__root__): [Circular],
  Symbol(enzyme.__unrendered__): <Wallet
    balance={20}
    dispatch={[Function]}
    store={
        Object {
            "dispatch": [Function],
            "getState": [Function],
            "subscribe": [Function],
          }
    }
    storeSubscription={
        Subscription {
            "listeners": Object {
              "clear": [Function],
              "get": [Function],
              "notify": [Function],
              "subscribe": [Function],
            },
            "onStateChange": [Function],
            "parentSub": undefined,
            "store": Object {
              "dispatch": [Function],
              "getState": [Function],
              "subscribe": [Function],
            },
            "unsubscribe": undefined,
          }
    }
/>,
  Symbol(enzyme.__renderer__): Object {
    "batchedUpdates": [Function],
    "getNode": [Function],
    "render": [Function],
    "simulateEvent": [Function],
    "unmount": [Function],
  },
  Symbol(enzyme.__node__): Object {
    "instance": null,
    "key": undefined,
    "nodeType": "host",
    "props": Object {
      "children": <h3
        className="balance"
>
        Wallet balance: 
        20
</h3>,
    },
    "ref": null,
    "rendered": Object {
      "instance": null,
      "key": undefined,
      "nodeType": "host",
      "props": Object {
        "children": Array [
          "Wallet balance: ",
          20,
        ],
        "className": "balance",
      },
      "ref": null,
      "rendered": Array [
        "Wallet balance: ",
        20,
      ],
      "type": "h3",
    },
    "type": "div",
  },
  Symbol(enzyme.__nodes__): Array [
    Object {
      "instance": null,
      "key": undefined,
      "nodeType": "host",
      "props": Object {
        "children": <h3
          className="balance"
>
          Wallet balance: 
          20
</h3>,
      },
      "ref": null,
      "rendered": Object {
        "instance": null,
        "key": undefined,
        "nodeType": "host",
        "props": Object {
          "children": Array [
            "Wallet balance: ",
            20,
          ],
          "className": "balance",
        },
        "ref": null,
        "rendered": Array [
          "Wallet balance: ",
          20,
        ],
        "type": "h3",
      },
      "type": "div",
    },
  ],
  Symbol(enzyme.__options__): Object {
    "adapter": ReactSixteenAdapter {
      "options": Object {
        "enableComponentDidUpdateOnSetState": true,
      },
    },
  },
}
`;
